// Jest Snapshot v1, https://goo.gl/fbAQLP

exports[`Snapshot 1`] = `
Object {
  "asFragment": [Function],
  "baseElement": <body>
    <div>
      <div
        class="container"
      >
        <div
          class="justify-content-center mt-3 text row"
        >
          GET YOUR TICKET
        </div>
        <div
          class="justify-content-center mt-3 row"
        >
          <div
            class="col-lg-4 col"
          >
            <div
              class="card"
            >
              <img
                class="card-img-top"
                src="1.jpg"
              />
              <div
                class="card-body"
              >
                <div
                  class="card-title h5"
                >
                  SERVICE 1
                </div>
                <button
                  class="btn btn-primary"
                  type="button"
                >
                  Add me to queue
                </button>
              </div>
            </div>
          </div>
          <div
            class="col-lg-4 col"
          >
            <div
              class="card"
            >
              <img
                class="card-img-top"
                src="2.jpg"
              />
              <div
                class="card-body"
              >
                <div
                  class="card-title h5"
                >
                  SERVICE 2
                </div>
                <button
                  class="btn btn-primary"
                  type="button"
                >
                  Add me to queue
                </button>
              </div>
            </div>
          </div>
        </div>
        <div
          class="justify-content-center mt-2 mb-2 row"
        >
          <div
            class="col-lg-4 col"
          >
            <div
              class="card"
            >
              <img
                class="card-img-top"
                src="3.jpg"
              />
              <div
                class="card-body"
              >
                <div
                  class="card-title h5"
                >
                  SERVICE 3
                </div>
                <button
                  class="btn btn-primary"
                  type="button"
                >
                  Add me to queue
                </button>
              </div>
            </div>
          </div>
          <div
            class="col-lg-4 col"
          >
            <div
              class="card"
            >
              <img
                class="card-img-top"
                src="4.jpg"
              />
              <div
                class="card-body"
              >
                <div
                  class="card-title h5"
                >
                  SERVICE 4
                </div>
                <button
                  class="btn btn-primary"
                  type="button"
                >
                  Add me to queue
                </button>
              </div>
            </div>
          </div>
        </div>
      </div>
    </div>
  </body>,
  "container": <div>
    <div
      class="container"
    >
      <div
        class="justify-content-center mt-3 text row"
      >
        GET YOUR TICKET
      </div>
      <div
        class="justify-content-center mt-3 row"
      >
        <div
          class="col-lg-4 col"
        >
          <div
            class="card"
          >
            <img
              class="card-img-top"
              src="1.jpg"
            />
            <div
              class="card-body"
            >
              <div
                class="card-title h5"
              >
                SERVICE 1
              </div>
              <button
                class="btn btn-primary"
                type="button"
              >
                Add me to queue
              </button>
            </div>
          </div>
        </div>
        <div
          class="col-lg-4 col"
        >
          <div
            class="card"
          >
            <img
              class="card-img-top"
              src="2.jpg"
            />
            <div
              class="card-body"
            >
              <div
                class="card-title h5"
              >
                SERVICE 2
              </div>
              <button
                class="btn btn-primary"
                type="button"
              >
                Add me to queue
              </button>
            </div>
          </div>
        </div>
      </div>
      <div
        class="justify-content-center mt-2 mb-2 row"
      >
        <div
          class="col-lg-4 col"
        >
          <div
            class="card"
          >
            <img
              class="card-img-top"
              src="3.jpg"
            />
            <div
              class="card-body"
            >
              <div
                class="card-title h5"
              >
                SERVICE 3
              </div>
              <button
                class="btn btn-primary"
                type="button"
              >
                Add me to queue
              </button>
            </div>
          </div>
        </div>
        <div
          class="col-lg-4 col"
        >
          <div
            class="card"
          >
            <img
              class="card-img-top"
              src="4.jpg"
            />
            <div
              class="card-body"
            >
              <div
                class="card-title h5"
              >
                SERVICE 4
              </div>
              <button
                class="btn btn-primary"
                type="button"
              >
                Add me to queue
              </button>
            </div>
          </div>
        </div>
      </div>
    </div>
  </div>,
  "debug": [Function],
  "findAllByAltText": [Function],
  "findAllByDisplayValue": [Function],
  "findAllByLabelText": [Function],
  "findAllByPlaceholderText": [Function],
  "findAllByRole": [Function],
  "findAllByTestId": [Function],
  "findAllByText": [Function],
  "findAllByTitle": [Function],
  "findByAltText": [Function],
  "findByDisplayValue": [Function],
  "findByLabelText": [Function],
  "findByPlaceholderText": [Function],
  "findByRole": [Function],
  "findByTestId": [Function],
  "findByText": [Function],
  "findByTitle": [Function],
  "getAllByAltText": [Function],
  "getAllByDisplayValue": [Function],
  "getAllByLabelText": [Function],
  "getAllByPlaceholderText": [Function],
  "getAllByRole": [Function],
  "getAllByTestId": [Function],
  "getAllByText": [Function],
  "getAllByTitle": [Function],
  "getByAltText": [Function],
  "getByDisplayValue": [Function],
  "getByLabelText": [Function],
  "getByPlaceholderText": [Function],
  "getByRole": [Function],
  "getByTestId": [Function],
  "getByText": [Function],
  "getByTitle": [Function],
  "queryAllByAltText": [Function],
  "queryAllByDisplayValue": [Function],
  "queryAllByLabelText": [Function],
  "queryAllByPlaceholderText": [Function],
  "queryAllByRole": [Function],
  "queryAllByTestId": [Function],
  "queryAllByText": [Function],
  "queryAllByTitle": [Function],
  "queryByAltText": [Function],
  "queryByDisplayValue": [Function],
  "queryByLabelText": [Function],
  "queryByPlaceholderText": [Function],
  "queryByRole": [Function],
  "queryByTestId": [Function],
  "queryByText": [Function],
  "queryByTitle": [Function],
  "rerender": [Function],
  "unmount": [Function],
}
`;
